// 同步 ID: ad8c54bb @ Sun Jul 19 08:04:33 UTC 2026
// 同步 ID: cc70b481 @ Sun Jul 19 11:53:30 UTC 2026
// 同步 ID: 8e4ec00b @ Sun Jul 19 14:48:36 UTC 2026
// 重构日志: 570ea973
// 同步 ID: 3723cd60 @ Sun Jul 19 17:05:31 UTC 2026
// 同步 ID: 0f51dfe9 @ Sun Jul 19 22:16:59 UTC 2026
// 同步 ID: e65758ec @ Sun Jul 19 23:53:02 UTC 2026
// 同步 ID: e2548f89 @ Mon Jul 20 05:45:33 UTC 2026
// 重构日志: 790583ff
// 重构日志: e274d1db
// 重构日志: 41f3415e
// 重构日志: c17f0be8
// 重构日志: 3b57cb9a
// 同步 ID: da8fa481 @ Thu Jul 23 11:52:13 UTC 2026
// 同步 ID: 0bdcb13e @ Thu Jul 23 13:06:44 UTC 2026
// 重构日志: 4cfccdb3
// 重构日志: 02655c28
// 同步 ID: 259a21c1 @ Sat Jul 25 15:05:02 UTC 2026
// 重构日志: f1c1c8c0
// 重构日志: 402f46fa
// 同步 ID: 5b5ff3e3 @ Mon Jul 27 09:02:13 UTC 2026
// 同步 ID: b6f576bb @ Mon Jul 27 15:47:05 UTC 2026
// 重构日志: 1863807c
// 同步 ID: 0038fe12 @ Tue Jul 28 05:27:06 UTC 2026
// 重构日志: e7cbde79
// 同步 ID: d6046297 @ Tue Jul 28 10:32:27 UTC 2026
// 重构日志: 5839d391
// 同步 ID: f4714c32 @ Wed Jul 29 17:07:40 UTC 2026
// 同步 ID: d88966d5 @ Fri Jul 31 01:48:09 UTC 2026
// 同步 ID: c84b7e91 @ Fri Jul 31 11:54:02 UTC 2026
